---
source: crates/ruff_linter/src/rules/odoo/mod.rs
---
E8514 `account.tax` has `company_ids` (many2many), not `company_id`
  --> E8514.py:8:43
   |
 7 |     def taxes(self, company):
 8 |         self.tax_ids.filtered(lambda tax: tax.company_id == company)  # E8514
   |                                           ^^^^^^^^^^^^^^
 9 |         self.product_id.taxes_id.filtered(lambda t, c=company: t.company_id.id == c.id)  # E8514
10 |         self.tax_ids.filtered(lambda tax: tax.company_ids & company.parent_ids)  # OK
   |
help: Use `filtered_domain(env['account.tax']._check_company_domain(company))`

E8514 `account.tax` has `company_ids` (many2many), not `company_id`
  --> E8514.py:9:64
   |
 7 |     def taxes(self, company):
 8 |         self.tax_ids.filtered(lambda tax: tax.company_id == company)  # E8514
 9 |         self.product_id.taxes_id.filtered(lambda t, c=company: t.company_id.id == c.id)  # E8514
   |                                                                ^^^^^^^^^^^^
10 |         self.tax_ids.filtered(lambda tax: tax.company_ids & company.parent_ids)  # OK
11 |         self.line_ids.filtered(lambda line: line.company_id == company)  # OK: not taxes
   |
help: Use `filtered_domain(env['account.tax']._check_company_domain(company))`

E8514 A `company_id` domain leaf against a model that carries `company_ids`
  --> E8514.py:15:41
   |
14 |     def domains(self, company):
15 |         self.env["account.tax"].search([("company_id", "=", company.id)])  # E8514
   |                                         ^^^^^^^^^^^^^^^^^^^^^^^^^^^^^^^
16 |         self.env["account.account"].sudo().search_count(
17 |             domain=["|", ["company_id", "=", False], ("active", "=", True)],  # E8514
   |
help: Use `filtered_domain(env['account.tax']._check_company_domain(company))`

E8514 A `company_id` domain leaf against a model that carries `company_ids`
  --> E8514.py:17:26
   |
15 |         self.env["account.tax"].search([("company_id", "=", company.id)])  # E8514
16 |         self.env["account.account"].sudo().search_count(
17 |             domain=["|", ["company_id", "=", False], ("active", "=", True)],  # E8514
   |                          ^^^^^^^^^^^^^^^^^^^^^^^^^^
18 |         )
19 |         for model in ("account.tax.group", "account.journal"):
   |
help: Use `filtered_domain(env['account.tax']._check_company_domain(company))`

E8514 A `company_id` domain leaf against a model that carries `company_ids`
  --> E8514.py:20:37
   |
18 |         )
19 |         for model in ("account.tax.group", "account.journal"):
20 |             self.env[model].search([("company_id", "in", company.ids)])  # E8514
   |                                     ^^^^^^^^^^^^^^^^^^^^^^^^^^^^^^^^^
21 |         self.env["account.journal"].search([("company_id", "=", company.id)])  # OK
22 |         self.env["account.tax"].search([("company_ids", "in", company.ids)])  # OK
   |
help: Use `filtered_domain(env['account.tax']._check_company_domain(company))`
