---
source: crates/ruff_linter/src/rules/odoo/mod.rs
---
E8520 `shipping.shipping_api_key` stores a secret in a plain column, in clear
 --> E8520.py:7:5
  |
5 |     _inherit = "delivery.carrier"
6 |
7 |     shipping_api_key = fields.Char()  # E8520
  |     ^^^^^^^^^^^^^^^^^^^^^^^^^^^^^^^^
8 |     shipping_password = fields.Text(store=True, compute="_compute_password")  # E8520: stored
9 |     shipping_client_secret = fields.Char(related="account_id.secret", store=1)  # OK: related, not literally stored
  |
help: Keep the secret in `credential.credential` and hold a Many2one to it

E8520 `shipping.shipping_password` stores a secret in a plain column, in clear
  --> E8520.py:8:5
   |
 7 |     shipping_api_key = fields.Char()  # E8520
 8 |     shipping_password = fields.Text(store=True, compute="_compute_password")  # E8520: stored
   |     ^^^^^^^^^^^^^^^^^^^^^^^^^^^^^^^^^^^^^^^^^^^^^^^^^^^^^^^^^^^^^^^^^^^^^^^^
 9 |     shipping_client_secret = fields.Char(related="account_id.secret", store=1)  # OK: related, not literally stored
10 |     shipping_token_type = fields.Char()  # OK: about a token
   |
help: Keep the secret in `credential.credential` and hold a Many2one to it

E8520 `shipping.api_key` is read or written as an `ir.config_parameter`, in clear
  --> E8520.py:26:9
   |
24 |     def _keys(self):
25 |         ICP = self.env["ir.config_parameter"].sudo()
26 |         ICP.get_param("shipping.api_key")  # E8520
   |         ^^^^^^^^^^^^^^^^^^^^^^^^^^^^^^^^^
27 |         ICP.set_param("shipping.webhook_secret", "x")  # E8520
28 |         ICP.get_param("database.secret")  # OK: judged not secret
   |
help: Keep the secret in `credential.credential` and hold a Many2one to it

E8520 `shipping.webhook_secret` is read or written as an `ir.config_parameter`, in clear
  --> E8520.py:27:9
   |
25 |         ICP = self.env["ir.config_parameter"].sudo()
26 |         ICP.get_param("shipping.api_key")  # E8520
27 |         ICP.set_param("shipping.webhook_secret", "x")  # E8520
   |         ^^^^^^^^^^^^^^^^^^^^^^^^^^^^^^^^^^^^^^^^^^^^^
28 |         ICP.get_param("database.secret")  # OK: judged not secret
29 |         ICP.get_param("shipping.api_endpoint")  # OK
   |
help: Keep the secret in `credential.credential` and hold a Many2one to it

E8520 `shipping.shipping_api_token` keeps a secret in `ir.config_parameter`, in clear
  --> E8520.py:35:5
   |
33 |     _inherit = "res.config.settings"
34 |
35 |     shipping_api_token = fields.Char(config_parameter="shipping.api_token")  # E8520
   |     ^^^^^^^^^^^^^^^^^^^^^^^^^^^^^^^^^^^^^^^^^^^^^^^^^^^^^^^^^^^^^^^^^^^^^^^
36 |     shipping_password = fields.Char()  # OK: a transient field without a parameter
   |
help: Keep the secret in `credential.credential` and hold a Many2one to it
