---
source: crates/ruff_linter/src/rules/odoo/mod.rs
---
E8519 A secret written into `os.environ` is inherited by the whole worker
  --> egress.py:42:5
   |
41 | def secrets(key):
42 |     os.environ["AWS_SECRET_ACCESS_KEY"] = key  # E8519
   |     ^^^^^^^^^^^^^^^^^^^^^^^^^^^^^^^^^^^^^^^^^
43 |     env_alias["API_TOKEN"] = key  # E8519
44 |     os.environ.setdefault("DB_PASSWORD", key)  # E8519
   |
help: Hand the secret to the child process in its own `env=` mapping

E8519 A secret written into `os.environ` is inherited by the whole worker
  --> egress.py:43:5
   |
41 | def secrets(key):
42 |     os.environ["AWS_SECRET_ACCESS_KEY"] = key  # E8519
43 |     env_alias["API_TOKEN"] = key  # E8519
   |     ^^^^^^^^^^^^^^^^^^^^^^^^^^^^
44 |     os.environ.setdefault("DB_PASSWORD", key)  # E8519
45 |     os.environ.update({"SERVICE_CREDENTIALS": key})  # E8519
   |
help: Hand the secret to the child process in its own `env=` mapping

E8519 A secret written into `os.environ` is inherited by the whole worker
  --> egress.py:44:5
   |
42 |     os.environ["AWS_SECRET_ACCESS_KEY"] = key  # E8519
43 |     env_alias["API_TOKEN"] = key  # E8519
44 |     os.environ.setdefault("DB_PASSWORD", key)  # E8519
   |     ^^^^^^^^^^^^^^^^^^^^^^^^^^^^^^^^^^^^^^^^^
45 |     os.environ.update({"SERVICE_CREDENTIALS": key})  # E8519
46 |     os.environ.update(GITHUB_TOKEN=key)  # E8519
   |
help: Hand the secret to the child process in its own `env=` mapping

E8519 A secret written into `os.environ` is inherited by the whole worker
  --> egress.py:45:5
   |
43 |     env_alias["API_TOKEN"] = key  # E8519
44 |     os.environ.setdefault("DB_PASSWORD", key)  # E8519
45 |     os.environ.update({"SERVICE_CREDENTIALS": key})  # E8519
   |     ^^^^^^^^^^^^^^^^^^^^^^^^^^^^^^^^^^^^^^^^^^^^^^^
46 |     os.environ.update(GITHUB_TOKEN=key)  # E8519
47 |     os.environ |= {"private_key": key}  # E8519: the name is matched in any case
   |
help: Hand the secret to the child process in its own `env=` mapping

E8519 A secret written into `os.environ` is inherited by the whole worker
  --> egress.py:46:5
   |
44 |     os.environ.setdefault("DB_PASSWORD", key)  # E8519
45 |     os.environ.update({"SERVICE_CREDENTIALS": key})  # E8519
46 |     os.environ.update(GITHUB_TOKEN=key)  # E8519
   |     ^^^^^^^^^^^^^^^^^^^^^^^^^^^^^^^^^^^
47 |     os.environ |= {"private_key": key}  # E8519: the name is matched in any case
48 |     putenv("SECRET", key)  # E8519
   |
help: Hand the secret to the child process in its own `env=` mapping

E8519 A secret written into `os.environ` is inherited by the whole worker
  --> egress.py:47:5
   |
45 |     os.environ.update({"SERVICE_CREDENTIALS": key})  # E8519
46 |     os.environ.update(GITHUB_TOKEN=key)  # E8519
47 |     os.environ |= {"private_key": key}  # E8519: the name is matched in any case
   |     ^^^^^^^^^^^^^^^^^^^^^^^^^^^^^^^^^^
48 |     putenv("SECRET", key)  # E8519
49 |     os.putenv("API_KEY", key)  # E8519
   |
help: Hand the secret to the child process in its own `env=` mapping

E8519 A secret written into `os.environ` is inherited by the whole worker
  --> egress.py:48:5
   |
46 |     os.environ.update(GITHUB_TOKEN=key)  # E8519
47 |     os.environ |= {"private_key": key}  # E8519: the name is matched in any case
48 |     putenv("SECRET", key)  # E8519
   |     ^^^^^^^^^^^^^^^^^^^^^
49 |     os.putenv("API_KEY", key)  # E8519
50 |     current = os.environ
   |
help: Hand the secret to the child process in its own `env=` mapping

E8519 A secret written into `os.environ` is inherited by the whole worker
  --> egress.py:49:5
   |
47 |     os.environ |= {"private_key": key}  # E8519: the name is matched in any case
48 |     putenv("SECRET", key)  # E8519
49 |     os.putenv("API_KEY", key)  # E8519
   |     ^^^^^^^^^^^^^^^^^^^^^^^^^
50 |     current = os.environ
51 |     current["SIGNING_KEY"] = key  # E8519: an alias of os.environ
   |
help: Hand the secret to the child process in its own `env=` mapping

E8519 A secret written into `os.environ` is inherited by the whole worker
  --> egress.py:51:5
   |
49 |     os.putenv("API_KEY", key)  # E8519
50 |     current = os.environ
51 |     current["SIGNING_KEY"] = key  # E8519: an alias of os.environ
   |     ^^^^^^^^^^^^^^^^^^^^^^^^^^^^
52 |     os.environ["PATH"] = key  # OK: not a secret
53 |     os.environ.get("API_KEY")  # OK: a read
   |
help: Hand the secret to the child process in its own `env=` mapping
