---
source: crates/ruff_linter/src/rules/odoo/mod.rs
---
E8520 `website.google_secret_key` stores a secret in a plain column, in clear
 --> E8520.py:8:5
  |
7 |     google_maps_api_key = fields.Char()  # OK: judged not secret in website
8 |     google_secret_key = fields.Char()  # E8520
  |     ^^^^^^^^^^^^^^^^^^^^^^^^^^^^^^^^^
help: Keep the secret in `credential.credential` and hold a Many2one to it
