---
source: crates/ruff_linter/src/rules/odoo/mod.rs
---
E8515 A `type="http"` route returns `json.dumps()` bare, so the JSON goes out as `text/html`
  --> controllers.py:12:9
   |
10 |     @http.route("/json", type="http", auth="user")
11 |     def as_json(self):
12 |         return json.dumps({"ok": True})  # E8515
   |         ^^^^^^^^^^^^^^^^^^^^^^^^^^^^^^^
13 |
14 |     @route("/plain", auth="user")
   |
help: Return `request.prepare_json_response(payload)`

E8515 A `type="http"` route returns `json.dumps()` bare, so the JSON goes out as `text/html`
  --> controllers.py:17:13
   |
15 |     def plain(self):
16 |         if not request.env.user:
17 |             return dumps({})  # E8515: no type= is an HTTP route
   |             ^^^^^^^^^^^^^^^^
18 |         return json_dumps({})  # E8515
   |
help: Return `request.prepare_json_response(payload)`

E8515 A `type="http"` route returns `json.dumps()` bare, so the JSON goes out as `text/html`
  --> controllers.py:18:9
   |
16 |         if not request.env.user:
17 |             return dumps({})  # E8515: no type= is an HTTP route
18 |         return json_dumps({})  # E8515
   |         ^^^^^^^^^^^^^^^^^^^^^
19 |
20 |     @http.route("/rpc", type="jsonrpc", auth="user")
   |
help: Return `request.prepare_json_response(payload)`
